// Jest Snapshot v1, https://goo.gl/fbAQLP

exports[`Upload should render correctly 1`] = `
<div
  className="Upload"
>
  <h1>
    Projects
  </h1>
  <ul />
  <form
    onSubmit={[Function]}
  >
    Name: 
    <input
      name="name"
      onChange={[Function]}
      type="text"
    />
    <input
      accept="image/jpeg"
      name="mockup"
      onChange={[Function]}
      type="file"
    />
    <input
      type="submit"
      value="Submit"
    />
  </form>
</div>
`;
